[debug] [2026-02-17T07:37:16.180Z] ----------------------------------------------------------------------
[debug] [2026-02-17T07:37:16.182Z] Command:       /nix/store/ws50yvm6vzlzf7jzz6n7xh4szddrack1-nodejs-20.19.1/bin/node /nix/store/gm9mcvzb17vv8cla08khrg29vxn3sq4r-firebase-tools-15.1.0/lib/node_modules/firebase-tools/lib/bin/firebase.js deploy
[debug] [2026-02-17T07:37:16.183Z] CLI Version:   15.1.0
[debug] [2026-02-17T07:37:16.183Z] Platform:      linux
[debug] [2026-02-17T07:37:16.183Z] Node Version:  v20.19.1
[debug] [2026-02-17T07:37:16.184Z] Time:          Tue Feb 17 2026 07:37:16 GMT+0000 (Coordinated Universal Time)
[debug] [2026-02-17T07:37:16.184Z] ----------------------------------------------------------------------
[debug] 
[debug] [2026-02-17T07:37:19.958Z] No OAuth tokens found
[debug] [2026-02-17T07:37:19.959Z] No OAuth tokens found
[error] Failed to fetch Firebase Project from current Studio Workspace: Unable to refresh auth: not yet authenticated.
[debug] [2026-02-17T07:37:19.963Z] > command requires scopes: ["email","openid","https://www.googleapis.com/auth/cloudplatformprojects.readonly","https://www.googleapis.com/auth/firebase","https://www.googleapis.com/auth/cloud-platform","https://www.googleapis.com/auth/userinfo.email"]
[debug] [2026-02-17T07:37:28.219Z] Running auto auth
[debug] [2026-02-17T07:37:28.248Z] [iam] checking project hostproai-cc2e3 for permissions ["firebase.projects.get","firebasehosting.sites.update"]
[debug] [2026-02-17T07:37:28.252Z] No OAuth tokens found
[debug] [2026-02-17T07:37:28.256Z] >>> [apiv2][query] POST https://cloudresourcemanager.googleapis.com/v1/projects/hostproai-cc2e3:testIamPermissions [none]
[debug] [2026-02-17T07:37:28.256Z] >>> [apiv2][(partial)header] POST https://cloudresourcemanager.googleapis.com/v1/projects/hostproai-cc2e3:testIamPermissions x-goog-quota-user=projects/hostproai-cc2e3
[debug] [2026-02-17T07:37:28.256Z] >>> [apiv2][body] POST https://cloudresourcemanager.googleapis.com/v1/projects/hostproai-cc2e3:testIamPermissions {"permissions":["firebase.projects.get","firebasehosting.sites.update"]}
[debug] [2026-02-17T07:37:28.469Z] <<< [apiv2][status] POST https://cloudresourcemanager.googleapis.com/v1/projects/hostproai-cc2e3:testIamPermissions 200
[debug] [2026-02-17T07:37:28.470Z] <<< [apiv2][body] POST https://cloudresourcemanager.googleapis.com/v1/projects/hostproai-cc2e3:testIamPermissions {"permissions":["firebase.projects.get","firebasehosting.sites.update"]}
[debug] [2026-02-17T07:37:28.471Z] No OAuth tokens found
[debug] [2026-02-17T07:37:28.471Z] >>> [apiv2][query] GET https://firebase.googleapis.com/v1beta1/projects/hostproai-cc2e3 [none]
[debug] [2026-02-17T07:37:28.713Z] <<< [apiv2][status] GET https://firebase.googleapis.com/v1beta1/projects/hostproai-cc2e3 200
[debug] [2026-02-17T07:37:28.713Z] <<< [apiv2][body] GET https://firebase.googleapis.com/v1beta1/projects/hostproai-cc2e3 {"projectId":"hostproai-cc2e3","projectNumber":"1064836095248","displayName":"hostproai","name":"projects/hostproai-cc2e3","resources":{"hostingSite":"hostproai-cc2e3"},"state":"ACTIVE","etag":"1_4ec0d41b-8414-46e6-9d67-9ecc5ceac890"}
[debug] [2026-02-17T07:37:33.050Z] defaultcredentials: no credential available.
[debug] [2026-02-17T07:37:33.051Z] No OAuth tokens found
[debug] [2026-02-17T07:37:33.051Z] >>> [apiv2][query] GET https://firebasehosting.googleapis.com/v1beta1/projects/hostproai-cc2e3/sites pageToken=&pageSize=10
[debug] [2026-02-17T07:37:34.478Z] <<< [apiv2][status] GET https://firebasehosting.googleapis.com/v1beta1/projects/hostproai-cc2e3/sites 200
[debug] [2026-02-17T07:37:34.478Z] <<< [apiv2][body] GET https://firebasehosting.googleapis.com/v1beta1/projects/hostproai-cc2e3/sites {"sites":[{"name":"projects/hostproai-cc2e3/sites/hostproai-cc2e3","defaultUrl":"https://hostproai-cc2e3.web.app","appId":"1:1064836095248:web:6bb7259313f2f048e19995","type":"DEFAULT_SITE"}]}
[debug] [2026-02-17T07:37:34.479Z] No OAuth tokens found
[debug] [2026-02-17T07:37:34.479Z] >>> [apiv2][query] GET https://firebase.googleapis.com/v1beta1/projects/-/webApps/1:1064836095248:web:6bb7259313f2f048e19995/config [none]
[debug] [2026-02-17T07:37:35.719Z] <<< [apiv2][status] GET https://firebase.googleapis.com/v1beta1/projects/-/webApps/1:1064836095248:web:6bb7259313f2f048e19995/config 200
[debug] [2026-02-17T07:37:35.720Z] <<< [apiv2][body] GET https://firebase.googleapis.com/v1beta1/projects/-/webApps/1:1064836095248:web:6bb7259313f2f048e19995/config {"projectId":"hostproai-cc2e3","appId":"1:1064836095248:web:6bb7259313f2f048e19995","storageBucket":"hostproai-cc2e3.firebasestorage.app","apiKey":"AIzaSyDO4NxDXHOpuY2ZqvqbS9Gablqpx5P83m0","authDomain":"hostproai-cc2e3.firebaseapp.com","messagingSenderId":"1064836095248","measurementId":"G-RZDJPE4E26","projectNumber":"1064836095248","version":"2"}
[info] 
   Thank you for trying our early preview of Next.js support on Firebase Hosting.
   During the preview, support is best-effort and breaking changes can be expected. Proceed with caution.
   The integration is known to work with Next.js version 12 - 15.0. You may encounter errors.

   Documentation: https://firebase.google.com/docs/hosting/frameworks/nextjs
   File a bug: https://github.com/firebase/firebase-tools/issues/new?template=bug_report.md
   Submit a feature request: https://github.com/firebase/firebase-tools/issues/new?template=feature_request.md

   We'd love to learn from you. Express your interest in helping us shape the future of Firebase Hosting: https://goo.gle/41enW5X

[debug] [2026-02-17T07:37:44.187Z] No OAuth tokens found
[debug] [2026-02-17T07:37:44.187Z] >>> [apiv2][query] GET https://firebasehosting.googleapis.com/v1beta1/projects/hostproai-cc2e3/sites/hostproai-cc2e3 [none]
[debug] [2026-02-17T07:37:45.477Z] <<< [apiv2][status] GET https://firebasehosting.googleapis.com/v1beta1/projects/hostproai-cc2e3/sites/hostproai-cc2e3 200
[debug] [2026-02-17T07:37:45.478Z] <<< [apiv2][body] GET https://firebasehosting.googleapis.com/v1beta1/projects/hostproai-cc2e3/sites/hostproai-cc2e3 {"name":"projects/hostproai-cc2e3/sites/hostproai-cc2e3","defaultUrl":"https://hostproai-cc2e3.web.app","appId":"1:1064836095248:web:6bb7259313f2f048e19995","type":"DEFAULT_SITE"}
[info]    ▲ Next.js 15.1.11

[info]    - Environments: .env.local


[info]    Creating an optimized production build ...

[info]  ✓ Compiled successfully

[info]    Skipping validation of types

[info]    Skipping linting

[info]    Collecting page data ...

[info]  ⚠ Using edge runtime on a page currently disables static generation for that page

[info]    Generating static pages (0/34) ...

[info]    Generating static pages (8/34) 

[info]    Generating static pages (16/34) 
   Generating static pages (25/34) 

[info]  ✓ Generating static pages (34/34)

[info]    Finalizing page optimization ...

[info]    Collecting build traces ...

[info] 

[info] Route (app)                              Size     First Load JS
┌ ○ /                                    5.63 kB         143 kB
├ ○ /_not-found                          148 B           105 kB
├ ○ /about                               3.28 kB         140 kB
├ ○ /admin/dashboard                     2.81 kB         263 kB
├ ○ /admin/hosting                       4.41 kB         268 kB
├ ○ /admin/payouts                       148 B           105 kB
├ ○ /admin/refunds                       3.62 kB         269 kB
├ ○ /admin/users                         5.57 kB         265 kB
├ ƒ /api/paypal                          148 B           105 kB
├ ○ /contact                             3.27 kB         135 kB
├ ○ /dashboard                           8.27 kB         277 kB
├ ○ /dashboard/ai-image                  5.92 kB         124 kB
├ ○ /dashboard/ai-tools                  15.5 kB         145 kB
├ ○ /dashboard/ai-video                  5.88 kB         119 kB
├ ○ /dashboard/ai-website                1.09 kB         106 kB
├ ○ /dashboard/guides                    7.59 kB         284 kB
├ ○ /dashboard/hosting                   5.01 kB         268 kB
├ ○ /dashboard/payouts                   5.24 kB         274 kB
├ ○ /dashboard/publisher                 1.09 kB         106 kB
├ ○ /dashboard/referrals                 2.15 kB         268 kB
├ ○ /dashboard/refund                    4.94 kB         270 kB
├ ○ /dashboard/settings                  4.52 kB         270 kB
├ ○ /dashboard/upgrade                   8.68 kB         269 kB
├ ○ /dashboard/website                   9.89 kB         273 kB
├ ○ /disclaimer                          1.28 kB         133 kB
├ ○ /forgot-password                     3.47 kB         267 kB
├ ○ /insights                            2.28 kB         134 kB
├ ƒ /insights/[slug]                     318 B           132 kB
├ ○ /login                               4.83 kB         268 kB
├ ○ /pricing                             2.99 kB         135 kB
├ ○ /privacy                             1.49 kB         133 kB
├ ○ /signup                              6.73 kB         270 kB
└ ○ /terms                               1.63 kB         133 kB
+ First Load JS shared by all            105 kB
  ├ chunks/1517-9bbe19eb1d953ec5.js      50 kB
  ├ chunks/4bd1b696-51393f6f25547052.js  53 kB
  └ other shared chunks (total)          1.94 kB



[info] ○  (Static)   prerendered as static content
ƒ  (Dynamic)  server-rendered on demand


[info] Building a Cloud Function to run this application. This is needed due to:
[info]  • non-static component /api/paypal/route
[info]  • non-static component /insights/[slug]/page
[info]  • route with server action /dashboard/ai-image
[info]  • route with server action /dashboard/ai-tools
[info]  • route with server action /dashboard/ai-video
[debug] [2026-02-17T07:38:43.780Z]  • route with server action /dashboard/website
[info]  • and 1 other reasons, use --debug to see more
[info] 
[debug] [2026-02-17T07:38:43.885Z] skipping /dashboard/ai-image due to server action
[debug] [2026-02-17T07:38:43.887Z] skipping /dashboard/ai-video due to server action
[debug] [2026-02-17T07:38:43.887Z] skipping /dashboard/ai-tools due to server action
[debug] [2026-02-17T07:38:43.890Z] skipping /dashboard/website due to server action
[debug] [2026-02-17T07:38:43.982Z] No OAuth tokens found
[debug] [2026-02-17T07:38:43.983Z] >>> [apiv2][query] GET https://firebasehosting.googleapis.com/v1beta1/projects/hostproai-cc2e3/sites/hostproai-cc2e3 [none]
[debug] [2026-02-17T07:38:45.253Z] <<< [apiv2][status] GET https://firebasehosting.googleapis.com/v1beta1/projects/hostproai-cc2e3/sites/hostproai-cc2e3 200
[debug] [2026-02-17T07:38:45.254Z] <<< [apiv2][body] GET https://firebasehosting.googleapis.com/v1beta1/projects/hostproai-cc2e3/sites/hostproai-cc2e3 {"name":"projects/hostproai-cc2e3/sites/hostproai-cc2e3","defaultUrl":"https://hostproai-cc2e3.web.app","appId":"1:1064836095248:web:6bb7259313f2f048e19995","type":"DEFAULT_SITE"}
